// Jest Snapshot v1, https://goo.gl/fbAQLP

exports[`EditorComponent renders correctly 1`] = `
<div
  className="ui grid"
  style={
    Object {
      "height": "100%",
      "marginTop": 0,
    }
  }
>
  <div
    className="thirteen wide column"
    style={
      Object {
        "padding": 0,
      }
    }
  >
    <div
      style={
        Object {
          "height": "100%",
          "width": "100%",
        }
      }
    >
      <div
        id="ace-editor"
        style={
          Object {
            "height": "100%",
            "position": "absolute",
            "width": "100%",
          }
        }
      />
    </div>
  </div>
  <div
    className="center aligned three wide column"
    style={
      Object {
        "backgroundColor": "#3180d4",
        "height": "100%",
        "paddingRight": "2em",
      }
    }
  >
    <div
      className="ui container"
    >
      <div
        className="ui list"
        role="list"
        style={
          Object {
            "height": "100%",
          }
        }
      >
        <div
          className="item"
          onClick={[Function]}
          role="listitem"
        >
          <div
            className="header"
          >
            Name
          </div>
          <span
            className="name"
          >
            file name
            <i
              aria-hidden="true"
              className="edit link icon"
              onClick={[Function]}
            />
          </span>
        </div>
        <div
          className="item"
          onClick={[Function]}
          role="listitem"
        >
          <div
            className="header"
          >
            Date Created
          </div>
          1-1-1
        </div>
        <div
          className="item"
          onClick={[Function]}
          role="listitem"
        >
          <div
            className="header"
          >
            Private
          </div>
          No
        </div>
        <div
          className="item users"
          onClick={[Function]}
          role="listitem"
        >
          <div
            className="header"
          >
            Users
          </div>
          <div
            className="ui label"
            onClick={[Function]}
          >
            user1
          </div>
          <div
            className="ui label"
            onClick={[Function]}
          >
            user2
          </div>
          <span>
            <i
              aria-hidden="true"
              className="add link icon"
              onClick={[Function]}
            />
          </span>
        </div>
        <div
          className="item tags"
          onClick={[Function]}
          role="listitem"
        >
          <div
            className="header"
          >
            Tags
          </div>
          <span>
            <div
              className="ui label"
              link="true"
              onClick={[Function]}
            >
              tag1
              <i
                aria-hidden="true"
                className="close icon"
              />
            </div>
            <div
              className="ui label"
              link="true"
              onClick={[Function]}
            >
              tag2
              <i
                aria-hidden="true"
                className="close icon"
              />
            </div>
            <div
              className="ui label"
              link="true"
              onClick={[Function]}
            >
              tag3
              <i
                aria-hidden="true"
                className="close icon"
              />
            </div>
            <i
              aria-hidden="true"
              className="add link icon"
              onClick={[Function]}
            />
          </span>
        </div>
      </div>
    </div>
  </div>
</div>
`;
